// Jest Snapshot v1, https://goo.gl/fbAQLP

exports[`Render title correctly 1`] = `
<Text
  style={
    Array [
      Object {
        "color": "black",
        "fontSize": 32,
        "fontWeight": "bold",
      },
      Object {},
    ]
  }
/>
`;
