// Jest Snapshot v1, https://goo.gl/fbAQLP

exports[`Render avatar correctly 1`] = `
<Image
  style={
    Array [
      Object {
        "borderRadius": 58,
        "height": 116,
        "width": 116,
      },
      Object {},
    ]
  }
/>
`;
