// Jest Snapshot v1, https://goo.gl/fbAQLP

exports[`Render spread bar correctly 1`] = `
<View
  style={
    Object {
      "alignItems": "center",
      "display": "flex",
      "flexDirection": "row",
      "justifyContent": "space-between",
      "width": NaN,
    }
  }
/>
`;
