// Jest Snapshot v1, https://goo.gl/fbAQLP

exports[`Render slide item correctly 1`] = `
<View
  style={
    Array [
      Object {
        "height": "100%",
        "width": 750,
      },
      Object {},
    ]
  }
/>
`;
